// Jest Snapshot v1, https://goo.gl/fbAQLP

exports[`createConfig defaults 1`] = `
{
  "devServer": {
    "hot": true,
    "open": true,
    "port": 3300,
  },
  "devtool": "source-map",
  "entry": {
    "fs": [
      "browserfs",
    ],
  },
  "mode": "test",
  "module": {
    "noParse": /browserfs\\\\\\.js/,
    "rules": [
      {
        "test": /\\\\\\.css\\$/,
        "use": [
          {
            "loader": "style-loader",
          },
          {
            "loader": "css-loader",
            "options": {
              "importLoaders": 1,
            },
          },
        ],
      },
      {
        "test": /\\\\\\.\\(eot\\|ttf\\|svg\\|woff2\\?\\)\\$/,
        "use": [
          {
            "loader": "url-loader",
            "options": {
              "limit": 10240,
            },
          },
        ],
      },
      {
        "exclude": [
          /node_modules\\|\\\\\\.min\\\\\\./,
        ],
        "test": /\\(\\\\\\.js\\$\\)/,
        "use": [
          {
            "loader": "cache-loader",
          },
          {
            "loader": "babel-loader",
          },
        ],
      },
      {
        "test": /\\\\\\.styl\\$/,
        "use": [
          {
            "loader": "style-loader",
          },
          {
            "loader": "css-loader",
          },
          {
            "loader": "stylus-loader",
          },
        ],
      },
      {
        "exclude": [
          /node_modules\\|\\\\\\.min\\\\\\./,
        ],
        "test": /\\(\\\\\\.ts\\(x\\?\\)\\$\\)/,
        "use": [
          {
            "loader": "cache-loader",
          },
          {
            "loader": "ts-loader",
            "options": {
              "experimentalFileCaching": true,
              "experimentalWatchApi": true,
              "onlyCompileBundledFiles": true,
              "transpileOnly": false,
            },
          },
        ],
      },
      {
        "test": /\\\\\\.worker\\\\\\.js\\$/,
        "use": [
          {
            "loader": "worker-loader",
            "options": {
              "fallback": true,
              "inline": false,
            },
          },
        ],
      },
    ],
  },
  "node": {
    "Buffer": false,
    "child_process": "empty",
    "dgram": "empty",
    "fs": "empty",
    "net": "empty",
    "tls": "empty",
  },
  "optimization": {
    "minimize": true,
    "runtimeChunk": "single",
    "splitChunks": {
      "chunks": "all",
    },
  },
  "output": {
    "filename": "[name].[hash].js",
  },
  "performance": undefined,
  "plugins": [
    ProvidePlugin {
      "definitions": {
        "BrowserFS": "bfsGlobal",
        "Buffer": "bufferGlobal",
      },
    },
    DefinePlugin {
      "definitions": {
        "process.browser": true,
      },
    },
    BugsnagBuildReporterPlugin {
      "build": {
        "apiKey": "123",
        "appVersion": "1.1",
        "autoAssignRelease": true,
        "buildTool": "webpack-bugsnag-plugins",
        "releaseStage": "development",
      },
      "options": {
        "logLevel": "debug",
        "path": "/bar/foo",
      },
    },
    BugsnagSourceMapUploaderPlugin {
      "apiKey": "123",
      "appVersion": "1.1",
      "codeBundleId": undefined,
      "endpoint": undefined,
      "ignoredBundleExtensions": [
        ".css",
      ],
      "overwrite": true,
      "publicPath": "/foo/bar",
    },
    HtmlWebpackPlugin {
      "options": {
        "bodyHtml": "",
        "cache": true,
        "chunks": "all",
        "chunksSortMode": "auto",
        "compile": true,
        "env": "{}",
        "excludeChunks": [],
        "favicon": false,
        "filename": "index.html",
        "hash": false,
        "headHtml": "",
        "inject": true,
        "meta": {},
        "metaHtml": "",
        "minify": false,
        "showErrors": true,
        "template": "/foo",
        "templateParameters": [Function],
        "title": "",
        "xhtml": false,
      },
    },
    MonacoEditorWebpackPlugin {
      "options": {
        "features": [
          {
            "entry": "vs/editor/standalone/browser/accessibilityHelp/accessibilityHelp",
            "label": "accessibilityHelp",
          },
          {
            "entry": "vs/editor/contrib/bracketMatching/bracketMatching",
            "label": "bracketMatching",
          },
          {
            "entry": "vs/editor/contrib/caretOperations/caretOperations",
            "label": "caretOperations",
          },
          {
            "entry": "vs/editor/contrib/clipboard/clipboard",
            "label": "clipboard",
          },
          {
            "entry": "vs/editor/contrib/codeAction/codeActionContributions",
            "label": "codeAction",
          },
          {
            "entry": "vs/editor/contrib/codelens/codelensController",
            "label": "codelens",
          },
          {
            "entry": "vs/editor/contrib/colorPicker/colorDetector",
            "label": "colorDetector",
          },
          {
            "entry": "vs/editor/contrib/comment/comment",
            "label": "comment",
          },
          {
            "entry": "vs/editor/browser/controller/coreCommands",
            "label": "coreCommands",
          },
          {
            "entry": "vs/editor/contrib/cursorUndo/cursorUndo",
            "label": "cursorUndo",
          },
          {
            "entry": "vs/editor/contrib/dnd/dnd",
            "label": "dnd",
          },
          {
            "entry": "vs/editor/contrib/find/findController",
            "label": "find",
          },
          {
            "entry": "vs/editor/contrib/folding/folding",
            "label": "folding",
          },
          {
            "entry": "vs/editor/contrib/format/formatActions",
            "label": "format",
          },
          {
            "entry": "vs/editor/contrib/gotoError/gotoError",
            "label": "gotoError",
          },
          {
            "entry": "vs/editor/standalone/browser/quickOpen/gotoLine",
            "label": "gotoLine",
          },
          {
            "entry": "vs/editor/contrib/hover/hover",
            "label": "hover",
          },
          {
            "entry": "vs/editor/contrib/inPlaceReplace/inPlaceReplace",
            "label": "inPlaceReplace",
          },
          {
            "entry": "vs/editor/standalone/browser/inspectTokens/inspectTokens",
            "label": "inspectTokens",
          },
          {
            "entry": "vs/editor/contrib/linesOperations/linesOperations",
            "label": "linesOperations",
          },
          {
            "entry": "vs/editor/contrib/links/links",
            "label": "links",
          },
          {
            "entry": "vs/editor/contrib/multicursor/multicursor",
            "label": "multicursor",
          },
          {
            "entry": "vs/editor/contrib/parameterHints/parameterHints",
            "label": "parameterHints",
          },
          {
            "entry": "vs/editor/standalone/browser/quickOpen/quickCommand",
            "label": "quickCommand",
          },
          {
            "entry": "vs/editor/standalone/browser/referenceSearch/standaloneReferenceSearch",
            "label": "referenceSearch",
          },
          {
            "entry": "vs/editor/contrib/rename/rename",
            "label": "rename",
          },
          {
            "entry": "vs/editor/contrib/smartSelect/smartSelect",
            "label": "smartSelect",
          },
          {
            "entry": "vs/editor/contrib/snippet/snippetController2",
            "label": "snippets",
          },
          {
            "entry": "vs/editor/contrib/suggest/suggestController",
            "label": "suggest",
          },
          {
            "entry": "vs/editor/standalone/browser/toggleHighContrast/toggleHighContrast",
            "label": "toggleHighContrast",
          },
          {
            "entry": "vs/editor/contrib/caretOperations/transpose",
            "label": "transpose",
          },
          {
            "entry": "vs/editor/contrib/wordHighlighter/wordHighlighter",
            "label": "wordHighlighter",
          },
          {
            "entry": "vs/editor/contrib/wordOperations/wordOperations",
            "label": "wordOperations",
          },
          {
            "entry": "vs/editor/contrib/wordPartOperations/wordPartOperations",
            "label": "wordPartOperations",
          },
        ],
        "filename": "[name].worker.js",
        "languages": [
          {
            "entry": [
              "vs/basic-languages/css/css.contribution",
              "vs/language/css/monaco.contribution",
            ],
            "label": "css",
            "worker": {
              "entry": "vs/language/css/css.worker",
              "id": "vs/language/css/cssWorker",
            },
          },
          {
            "entry": [
              "vs/basic-languages/html/html.contribution",
              "vs/language/html/monaco.contribution",
            ],
            "label": "html",
            "worker": {
              "entry": "vs/language/html/html.worker",
              "id": "vs/language/html/htmlWorker",
            },
          },
          {
            "entry": "vs/basic-languages/javascript/javascript.contribution",
            "label": "javascript",
          },
          {
            "entry": "vs/language/json/monaco.contribution",
            "label": "json",
            "worker": {
              "entry": "vs/language/json/json.worker",
              "id": "vs/language/json/jsonWorker",
            },
          },
          {
            "entry": "vs/basic-languages/markdown/markdown.contribution",
            "label": "markdown",
          },
          {
            "entry": [
              "vs/basic-languages/typescript/typescript.contribution",
              "vs/language/typescript/monaco.contribution",
            ],
            "label": "typescript",
            "worker": {
              "entry": "vs/language/typescript/ts.worker",
              "id": "vs/language/typescript/tsWorker",
            },
          },
          {
            "entry": "vs/basic-languages/xml/xml.contribution",
            "label": "xml",
          },
          {
            "entry": "vs/basic-languages/yaml/yaml.contribution",
            "label": "yaml",
          },
        ],
        "publicPath": "",
      },
    },
    HashedModuleIdsPlugin {
      "options": {
        "context": null,
        "hashDigest": "base64",
        "hashDigestLength": 4,
        "hashFunction": "md4",
      },
    },
    WebpackBarPlugin {
      "handler": [Function],
      "modulesCount": 500,
      "options": {
        "color": "green",
        "name": "stoplight",
        "profile": undefined,
        "reporter": null,
        "reporters": [
          "basic",
        ],
      },
      "profile": false,
      "reporters": [
        SimpleReporter {},
      ],
      "showActiveModules": true,
      "showEntries": false,
      "showModules": true,
    },
    CopyPlugin {
      "options": {},
      "patterns": [],
    },
    HotModuleReplacementPlugin {
      "fullBuildTimeout": 200,
      "multiStep": undefined,
      "options": {},
      "requestTimeout": 10000,
    },
    {
      "BundleAnalyzerPlugin": [Function],
      "start": [Function],
    },
  ],
  "resolve": {
    "alias": {
      "buffer": "browserfs/dist/shims/buffer.js",
      "bufferGlobal": "browserfs/dist/shims/bufferGlobal.js",
      "fs": "browserfs/dist/shims/fs.js",
      "monaco-editor": "monaco-editor/esm/vs/editor/editor.api.js",
      "path": "browserfs/dist/shims/path.js",
      "processGlobal": "browserfs/dist/shims/process.js",
    },
    "extensions": [
      ".js",
      ".json",
      ".css",
      ".stylus",
      ".tsx",
      ".ts",
    ],
  },
  "watchOptions": {
    "ignored": /node_modules\\|dist/,
  },
}
`;
